<html>
<body>
<pre>
<h1>µVision Build Log</h1>
<h2>Tool Versions:</h2>
IDE-Version: µVision V5.15
Copyright (C) 2015 ARM Ltd and ARM Germany GmbH. All rights reserved.
License Information: Stuart Alldritt, University of Waterloo, LIC=PWSIK-ZLCHU-7HHQU-5UL59-LP21Y-W4ZVP
 
Tool Versions:
Toolchain:       MDK-ARM Standard  Version: 5.15.0
Toolchain Path:  C:\Keil_v5\ARM\ARMCC\Bin
C Compiler:      Armcc.exe V5.05 update 2 (build 169)
Assembler:       Armasm.exe V5.05 update 2 (build 169)
Linker/Locator:  ArmLink.exe V5.05 update 2 (build 169)
Library Manager: ArmAr.exe V5.05 update 2 (build 169)
Hex Converter:   FromElf.exe V5.05 update 2 (build 169)
CPU DLL:         SARMCM3.DLL V5.15.0
Dialog DLL:      DARMCM1.DLL V1.12.0.0
Target DLL:      STLink\ST-LINKIII-KEIL_SWO.dll V2.0.15.0_KEIL
Dialog DLL:      TARMCM1.DLL V1.9.0.0
 
<h2>Project:</h2>
C:\Users\Stuart Alldritt\Documents\GitHub\project-dandelion\devkit-keil\app.uvprojx
Project File Date:  06/09/2015

<h2>Output:</h2>
*** Using Compiler 'V5.05 update 2 (build 169)', folder: 'C:\Keil_v5\ARM\ARMCC\Bin'
Rebuild Project 'app' - Target 'devkit'
compiling hwctrl.c...
compiling led_task.c...
C:\Users\Stuart Alldritt\Documents\GitHub\project-dandelion\devkit-keil\app\src\led_task.c(33): warning:  #1-D: last line of file ends without a newline
  }
app\src\led_task.c: 1 warning, 0 errors
compiling main.c...
C:\Users\Stuart Alldritt\Documents\GitHub\project-dandelion\devkit-keil\app\src\main.c(45): warning:  #167-D: argument of type "void (*)(const void *)" is incompatible with parameter of type "pdTASK_CODE"
      xTaskCreate(LedBlinkTask,
C:\Users\Stuart Alldritt\Documents\GitHub\project-dandelion\devkit-keil\app\src\main.c(52): warning:  #167-D: argument of type "void (*)(const void *)" is incompatible with parameter of type "pdTASK_CODE"
      xTaskCreate(Led2BlinkTask,
app\src\main.c: 2 warnings, 0 errors
compiling system_interrupts.c...
C:\Users\Stuart Alldritt\Documents\GitHub\project-dandelion\devkit-keil\app\src\system_interrupts.c(17): warning:  #223-D: function "xPortSysTickHandler" declared implicitly
          xPortSysTickHandler();
app\src\system_interrupts.c: 1 warning, 0 errors
assembling header.s...
compiling weak_interrupts.c...
compiling metadata.c...
C:\Users\Stuart Alldritt\Documents\GitHub\project-dandelion\devkit-keil\app\src\metadata.c(23): warning:  #1296-D: extended constant initialiser used
        (uint32_t)(&Image$$ER_IROM1$$Length), // ro_size
C:\Users\Stuart Alldritt\Documents\GitHub\project-dandelion\devkit-keil\app\src\metadata.c(24): warning:  #1296-D: extended constant initialiser used
        (uint32_t)(&Image$$RW_IRAM1$$Length), // rw_size
C:\Users\Stuart Alldritt\Documents\GitHub\project-dandelion\devkit-keil\app\src\metadata.c(26): warning:  #1296-D: extended constant initialiser used
      (uint32_t)(&__initial_sp),
C:\Users\Stuart Alldritt\Documents\GitHub\project-dandelion\devkit-keil\app\src\metadata.c(66): warning:  #1-D: last line of file ends without a newline
  };
app\src\metadata.c: 4 warnings, 0 errors
compiling croutine.c...
compiling list.c...
compiling queue.c...
compiling tasks.c...
compiling timers.c...
compiling cmsis_os.c...
compiling port.c...
compiling heap_4.c...
compiling stm32l0xx_hal.c...
compiling stm32l0xx_hal_adc.c...
compiling stm32l0xx_hal_adc_ex.c...
compiling stm32l0xx_hal_comp.c...
compiling stm32l0xx_hal_cortex.c...
compiling stm32l0xx_hal_crc.c...
compiling stm32l0xx_hal_crc_ex.c...
compiling stm32l0xx_hal_cryp.c...
compiling stm32l0xx_hal_cryp_ex.c...
compiling stm32l0xx_hal_dac.c...
compiling stm32l0xx_hal_dac_ex.c...
compiling stm32l0xx_hal_dma.c...
compiling stm32l0xx_hal_flash.c...
compiling stm32l0xx_hal_flash_ex.c...
compiling stm32l0xx_hal_flash_ramfunc.c...
compiling stm32l0xx_hal_gpio.c...
compiling stm32l0xx_hal_i2c.c...
compiling stm32l0xx_hal_i2c_ex.c...
compiling stm32l0xx_hal_i2s.c...
compiling stm32l0xx_hal_irda.c...
compiling stm32l0xx_hal_iwdg.c...
compiling stm32l0xx_hal_lcd.c...
compiling stm32l0xx_hal_lptim.c...
compiling stm32l0xx_hal_msp_template.c...
compiling stm32l0xx_hal_pcd.c...
compiling stm32l0xx_hal_pcd_ex.c...
compiling stm32l0xx_hal_pwr.c...
compiling stm32l0xx_hal_pwr_ex.c...
compiling stm32l0xx_hal_rcc.c...
compiling stm32l0xx_hal_rcc_ex.c...
compiling stm32l0xx_hal_rng.c...
compiling stm32l0xx_hal_rtc.c...
compiling stm32l0xx_hal_rtc_ex.c...
compiling stm32l0xx_hal_smartcard.c...
compiling stm32l0xx_hal_smartcard_ex.c...
compiling stm32l0xx_hal_smbus.c...
compiling stm32l0xx_hal_spi.c...
compiling stm32l0xx_hal_tim.c...
compiling stm32l0xx_hal_tim_ex.c...
compiling stm32l0xx_hal_tsc.c...
compiling stm32l0xx_hal_uart.c...
compiling stm32l0xx_hal_uart_ex.c...
compiling stm32l0xx_hal_usart.c...
compiling stm32l0xx_hal_wwdg.c...
compiling system_stm32l0xx.c...
linking...
.\Objects\app.axf: Warning: L6914W: option ropi ignored when using --scatter.
Program Size: Code=6832 RO-data=236 RW-data=140 ZI-data=3292  
Finished: 0 information, 1 warning and 0 error messages.
FromELF: creating hex file...
After Build - User command #1: C:\Keil_v5\\ARM\ARMCC\bin\fromelf.exe --bin --output=app.bin .\Objects\app.axf
".\Objects\app.axf" - 0 Error(s), 9 Warning(s).

<h2>Software Packages used:</h2>

Package Vendor: ARM
                http://www.keil.com/pack/ARM.CMSIS.4.3.0.pack
                ARM::CMSIS:CORE:4.1.0
                CMSIS (Cortex Microcontroller Software Interface Standard)
   * Component: CORE Version: 4.1.0

<h2>Collection of Component include folders:</h2>
  C:\Users\Stuart Alldritt\Documents\GitHub\project-dandelion\devkit-keil\RTE
  C:\Keil_v5\ARM\PACK\ARM\CMSIS\4.3.0\CMSIS\Include
  C:\Keil_v5\ARM\PACK\Keil\STM32L0xx_DFP\1.3.0\Device\Include

<h2>Collection of Component Files used:</h2>

   * Component: ARM::CMSIS:CORE:4.1.0
</pre>
</body>
</html>
